main.c:77:6:outPWM	24	static
main.c:82:6:startMotor	8	static
main.c:100:6:detectZeroCross	32	static
main.c:137:6:phase	16	static
main.c:207:5:main	8	static
main.c:268:6:SystemClock_Config	88	static
main.c:314:13:MX_ADC1_Init	24	static
main.c:359:13:MX_TIM1_Init	96	static
main.c:434:13:MX_TIM2_Init	72	static
main.c:508:13:MX_USART1_UART_Init	8	static
main.c:541:13:MX_GPIO_Init	40	static
main.c:587:6:HAL_GPIO_EXTI_Callback	16	static
main.c:602:6:HAL_ADC_ConvCpltCallback	16	static
main.c:613:6:Error_Handler	4	static
